// Jest Snapshot v1, https://goo.gl/fbAQLP

exports[`Button component should renders correctly 1`] = `
<View
  style={
    [
      {
        "backgroundColor": "#FAFAFA",
      },
      [
        {
          "alignItems": "center",
          "borderRadius": 20,
          "elevation": 5,
          "justifyContent": "center",
          "maxHeight": 40,
          "shadowColor": "rgba(0,0,0,0.3)",
          "shadowOffset": {
            "height": 5,
            "width": 5,
          },
          "shadowRadius": 10,
        },
        undefined,
        {
          "borderColor": "rgba(0,0,0,0.3)",
          "borderWidth": 0.5,
        },
      ],
    ]
  }
>
  <View
    accessibilityState={
      {
        "busy": undefined,
        "checked": undefined,
        "disabled": undefined,
        "expanded": undefined,
        "selected": undefined,
      }
    }
    accessibilityValue={
      {
        "max": undefined,
        "min": undefined,
        "now": undefined,
        "text": undefined,
      }
    }
    accessible={true}
    collapsable={false}
    focusable={true}
    onBlur={[Function]}
    onClick={[Function]}
    onFocus={[Function]}
    onResponderGrant={[Function]}
    onResponderMove={[Function]}
    onResponderRelease={[Function]}
    onResponderTerminate={[Function]}
    onResponderTerminationRequest={[Function]}
    onStartShouldSetResponder={[Function]}
    style={
      {
        "alignItems": "center",
        "height": "100%",
        "justifyContent": "center",
        "paddingHorizontal": 20,
        "paddingVertical": 5,
        "width": "100%",
      }
    }
    testID="pressableTestID"
  >
    <Text
      style={
        [
          {
            "color": "#000",
          },
          [
            [
              {
                "fontSize": 16,
                "textAlign": "center",
              },
              {
                "opacity": 1,
              },
            ],
            {
              "fontFamily": "OpenSans",
            },
          ],
        ]
      }
    >
      test
    </Text>
  </View>
</View>
`;
