// Jest Snapshot v1, https://goo.gl/fbAQLP

exports[`SimpleModal component should renders correctly 1`] = `
<Modal
  animationType="slide"
  hardwareAccelerated={false}
  transparent={true}
  visible={false}
/>
`;
