// Jest Snapshot v1, https://goo.gl/fbAQLP

exports[`Spinner component should renders correctly 1`] = `
<View
  style={
    [
      {
        "backgroundColor": "#fff",
      },
      {
        "alignItems": "center",
        "flex": 1,
        "justifyContent": "center",
      },
    ]
  }
>
  <Image
    source={1}
    style={
      {
        "height": 300,
        "width": 300,
      }
    }
  />
</View>
`;
